// Jest Snapshot v1, https://goo.gl/fbAQLP

exports[`<GameCard /> should render correctly 1`] = `
.c8 {
  display: inline-block;
  vertical-align: middle;
  overflow: hidden;
}

.c7 {
  display: -webkit-inline-box;
  display: -webkit-inline-flex;
  display: -ms-inline-flexbox;
  display: inline-flex;
  -webkit-align-items: center;
  -webkit-box-align: center;
  -ms-flex-align: center;
  align-items: center;
  -webkit-box-pack: center;
  -webkit-justify-content: center;
  -ms-flex-pack: center;
  justify-content: center;
  background: linear-gradient(180deg,#ff5f5f 0%,#f062c0 50%);
  color: #FAFAFA;
  border: 0;
  border-radius: 0.4rem;
  padding: 0.8rem;
  cursor: pointer;
  -webkit-text-decoration: none;
  text-decoration: none;
  font-family: Poppins,-apple-system,BlinkMacSystemFont,'Segoe UI',Roboto,Oxygen,Ubuntu,Cantarell,'Open Sans','Helvetica Neue',sans-serif;
  height: 3rem;
  font-size: 1.2rem;
  display: -webkit-inline-box;
  display: -webkit-inline-flex;
  display: -ms-inline-flexbox;
  display: inline-flex;
  -webkit-align-items: center;
  -webkit-box-align: center;
  -ms-flex-align: center;
  align-items: center;
  -webkit-box-pack: center;
  -webkit-justify-content: center;
  -ms-flex-pack: center;
  justify-content: center;
}

.c7:hover {
  background: linear-gradient(180deg,#e35565 0%,#d958a6 50%);
}

.c7 svg {
  width: 1.5rem;
}

.c7 svg + span {
  margin-left: 0.8rem;
}

.c0 {
  position: relative;
  display: -webkit-box;
  display: -webkit-flex;
  display: -ms-flexbox;
  display: flex;
  -webkit-flex-direction: column;
  -ms-flex-direction: column;
  flex-direction: column;
  width: 100%;
  height: 100%;
  background-color: #FAFAFA;
}

.c1 {
  min-height: 14rem;
  position: relative;
  width: 100%;
  background: #f6f7f8;
  background-image: linear-gradient( to right,#f6f7f8 0%,#edeef1 20%,#f6f7f8 40%,#f6f7f8 100% );
  background-size: 80rem 14rem;
  -webkit-animation: placeholderShimmer 1s linear infinite forwards;
  animation: placeholderShimmer 1s linear infinite forwards;
}

.c2 {
  display: -webkit-box;
  display: -webkit-flex;
  display: -ms-flexbox;
  display: flex;
  -webkit-flex-direction: column;
  -ms-flex-direction: column;
  flex-direction: column;
  -webkit-box-pack: justify;
  -webkit-justify-content: space-between;
  -ms-flex-pack: justify;
  justify-content: space-between;
  position: relative;
  height: 100%;
  margin: 1.6rem;
}

.c3 {
  max-width: calc(100% - 2.5rem);
  -webkit-text-decoration: none;
  text-decoration: none;
}

.c4 {
  font-size: 1.6rem;
  line-height: 1.6rem;
  font-weight: 600;
  color: #030517;
}

.c5 {
  font-size: 1.4rem;
  font-weight: 600;
  color: #8F8F8F;
}

.c6 {
  color: #F231A5;
  position: absolute;
  right: -1rem;
  top: -0.5rem;
  cursor: pointer;
}

.c6 svg {
  width: 2.5rem;
}

.c9 {
  display: -webkit-box;
  display: -webkit-flex;
  display: -ms-flexbox;
  display: flex;
  -webkit-align-items: center;
  -webkit-box-align: center;
  -ms-flex-align: center;
  align-items: center;
  -webkit-box-pack: end;
  -webkit-justify-content: flex-end;
  -ms-flex-pack: end;
  justify-content: flex-end;
  margin-top: 0.8rem;
}

.c10 {
  display: -webkit-inline-box;
  display: -webkit-inline-flex;
  display: -ms-inline-flexbox;
  display: inline-flex;
  font-weight: 600;
  height: 3rem;
  -webkit-align-items: center;
  -webkit-box-align: center;
  -ms-flex-align: center;
  align-items: center;
  color: #FAFAFA;
  padding: 0 0.8rem;
  background-color: #3CD3C1;
  border-radius: 0.4rem;
  margin-right: calc(0.8rem / 2);
}

<article
  class="c0"
>
  <a
    class="c1"
    href="/game/population-zero"
  >
    <img
      alt="Population Zero"
      layout="fill"
      src="https://source.unsplash.com/user/willianjusten/300x140"
    />
  </a>
  <div
    class="c2"
  >
    <a
      class="c3"
      href="/game/population-zero"
    >
      <h3
        class="c4"
      >
        Population Zero
      </h3>
      <h4
        class="c5"
      >
        Rockstar Games
      </h4>
    </a>
    <div
      class="c6"
    >
      <button
        class="c7"
        style="filter: none;"
      >
        <svg
          aria-hidden="true"
          aria-label="Add to Wishlist"
          class="c8"
          fill="currentColor"
          focusable="false"
          viewBox="0 0 24 24"
          xmlns="http://www.w3.org/2000/svg"
        >
          <path
            d="M0 0h24v24H0V0z"
            fill="none"
          />
          <path
            d="M12 21.35l-1.45-1.32C5.4 15.36 2 12.28 2 8.5 2 5.42 4.42 3 7.5 3c1.74 0 3.41.81 4.5 2.09C13.09 3.81 14.76 3 16.5 3 19.58 3 22 5.42 22 8.5c0 3.78-3.4 6.86-8.55 11.54L12 21.35z"
          />
        </svg>
      </button>
    </div>
    <div
      class="c9"
    >
      <div
        class="c10"
      >
        $235.00
      </div>
      <button
        aria-label="Add to cart"
        class="c7"
      >
        <svg
          aria-hidden="true"
          class="c8"
          fill="currentColor"
          focusable="false"
          viewBox="0 0 24 24"
          xmlns="http://www.w3.org/2000/svg"
        >
          <path
            d="M0 0h24v24H0V0z"
            fill="none"
          />
          <path
            d="M11 9h2V6h3V4h-3V1h-2v3H8v2h3v3zm-4 9c-1.1 0-1.99.9-1.99 2S5.9 22 7 22s2-.9 2-2-.9-2-2-2zm10 0c-1.1 0-1.99.9-1.99 2s.89 2 1.99 2 2-.9 2-2-.9-2-2-2zm-8.9-5h7.45c.75 0 1.41-.41 1.75-1.03l3.86-7.01L19.42 4l-3.87 7H8.53L4.27 2H1v2h2l3.6 7.59-1.35 2.44C4.52 15.37 5.48 17 7 17h12v-2H7l1.1-2z"
          />
        </svg>
      </button>
    </div>
  </div>
</article>
`;
